{
  "openapi": "3.0.1",
  "info": {
    "title": "Refactor.Application",
    "version": "1.0"
  },
  "paths": {
    "/Orders": {
      "get": {
        "tags": [
          "Orders"
        ],
        "parameters": [
          {
            "name": "startDate",
            "in": "query",
            "style": "form",
            "schema": {
              "type": "string",
              "format": "date-time"
            }
          },
          {
            "name": "endDate",
            "in": "query",
            "style": "form",
            "schema": {
              "type": "string",
              "format": "date-time"
            }
          }
        ],
        "responses": {
          "200": {
            "description": "Success",
            "content": {
              "text/plain": {
                "schema": {
                  "type": "array",
                  "items": {
                    "type": "string"
                  }
                }
              },
              "application/json": {
                "schema": {
                  "type": "array",
                  "items": {
                    "type": "string"
                  }
                }
              },
              "text/json": {
                "schema": {
                  "type": "array",
                  "items": {
                    "type": "string"
                  }
                }
              }
            }
          }
        }
      }
    }
  },
  "components": { }
}
