{
  "openapi": "3.0.1",
  "info": {
    "title": "Refactor.Application",
    "version": "1.0"
  },
  "paths": {
    "/Orders": {
      "get": {
        "tags": [
          "Orders"
        ],
        "parameters": [
          {
            "name": "startDate",
            "in": "query",
            "style": "form",
            "schema": {
              "type": "string",
              "format": "date-time"
            }
          },
          {
            "name": "endDate",
            "in": "query",
            "style": "form",
            "schema": {
              "type": "string",
              "format": "date-time"
            }
          }
        ],
        "responses": {
          "200": {
            "description": "Success",
            "content": {
              "text/plain": {
                "schema": {
                  "type": "array",
                  "items": {
                    "$ref": "#/components/schemas/Order"
                  }
                }
              },
              "application/json": {
                "schema": {
                  "type": "array",
                  "items": {
                    "$ref": "#/components/schemas/Order"
                  }
                }
              },
              "text/json": {
                "schema": {
                  "type": "array",
                  "items": {
                    "$ref": "#/components/schemas/Order"
                  }
                }
              }
            }
          }
        }
      }
    }
  },
  "components": {
    "schemas": {
      "Customer": {
        "type": "object",
        "properties": {
          "id": {
            "type": "string",
            "format": "uuid"
          },
          "firstName": {
            "type": "string",
            "nullable": true
          },
          "lastName": {
            "type": "string",
            "nullable": true
          },
          "email": {
            "type": "string",
            "nullable": true
          }
        },
        "additionalProperties": false
      },
      "Order": {
        "type": "object",
        "properties": {
          "id": {
            "type": "string",
            "format": "uuid"
          },
          "customer": {
            "$ref": "#/components/schemas/Customer"
          },
          "items": {
            "type": "array",
            "items": {
              "$ref": "#/components/schemas/OrderItem"
            },
            "nullable": true
          },
          "orderDate": {
            "type": "string",
            "format": "date-time"
          }
        },
        "additionalProperties": false
      },
      "OrderItem": {
        "type": "object",
        "properties": {
          "id": {
            "type": "string",
            "format": "uuid"
          },
          "productId": {
            "type": "string",
            "format": "uuid"
          },
          "quantity": {
            "type": "integer",
            "format": "int32"
          },
          "grossPrice": {
            "type": "number",
            "format": "double"
          },
          "netPrice": {
            "type": "number",
            "format": "double"
          },
          "taxRate": {
            "type": "number",
            "format": "double"
          },
          "taxAmount": {
            "type": "number",
            "format": "double"
          },
          "totalGrossPrice": {
            "type": "number",
            "format": "double"
          },
          "totalNetPrice": {
            "type": "number",
            "format": "double"
          }
        },
        "additionalProperties": false
      }
    }
  }
}
